// Jest Snapshot v1, https://goo.gl/fbAQLP

exports[`Filter Toggler should render filterToggler properly 1`] = `ShallowWrapper {}`;
