// Jest Snapshot v1, https://goo.gl/fbAQLP

exports[`TEST DURATION SLIDER render component correctly 1`] = `ShallowWrapper {}`;
