// Jest Snapshot v1, https://goo.gl/fbAQLP

exports[`Grafic equaliser should render component properly 1`] = `"<canvas className=\\"GraphicEqualiser\\" width={150} height={100} />"`;
