// Jest Snapshot v1, https://goo.gl/fbAQLP

exports[`Toggle Zone Component should render ToggleZone component properly 1`] = `ShallowWrapper {}`;
