// Jest Snapshot v1, https://goo.gl/fbAQLP

exports[`TEST SOUND SWITCHER render component correctly 1`] = `ShallowWrapper {}`;
