// Jest Snapshot v1, https://goo.gl/fbAQLP

exports[`snapshot should render formField properly 1`] = `"<FormField onInputChange={[Function: mockConstructor]} field={{...}} value=\\"\\" error=\\"\\" />"`;
